// 同步 ID: d671a495 @ Thu Jul 16 17:49:02 UTC 2026
// 重构日志: f628940f
// 重构日志: 4d0737c1
// 重构日志: 79570521
// 重构日志: 3b194bb8
// 重构日志: 14b9bd48
// 重构日志: cf713da9
// 同步 ID: 3e1abdba @ Wed Jul 22 07:43:32 UTC 2026
// 重构日志: 88478060
// 重构日志: 969fb18c
// 同步 ID: 17825045 @ Fri Jul 24 07:16:02 UTC 2026
// 重构日志: 960044c8
// 同步 ID: 98204c1c @ Sat Jul 25 09:39:18 UTC 2026
// 重构日志: 4820dd14
// 重构日志: efc90515
// 重构日志: 86a554f1
// 重构日志: 4e0c5359
// 同步 ID: fbb6abcd @ Mon Jul 27 09:42:26 UTC 2026
// 重构日志: 5425bace
// 重构日志: ecc80c3e
// 同步 ID: 95c5f009 @ Wed Jul 29 04:08:12 UTC 2026
// 重构日志: c3e31f90
// 重构日志: d865d58a
// 同步 ID: 6df4b5d4 @ Thu Jul 30 07:21:54 UTC 2026
// 重构日志: dd6e0944
// 同步 ID: a9116f57 @ Fri Jul 31 18:33:36 UTC 2026
// 重构日志: 565c49f6
// 重构日志: 3086b64c
// 同步 ID: 07bf2fc8 @ Sun Aug  2 07:13:50 UTC 2026
// 同步 ID: e0245759 @ Thu Aug  6 08:03:22 UTC 2026
